
> book-portfolio@0.1.0 build
> next build

Γû▓ Next.js 16.1.6 (Turbopack)

  Creating an optimized production build ...
node.exe : Error: 
Cannot apply unknown 
utility class 
`font-sans`. Are you 
using CSS modules or 
similar and missing 
`@reference`? https:/
/tailwindcss.com/docs
/functions-and-direct
ives#reference-direct
ive
At line:1 char:1
+ & "C:\Program Files
\nodejs/node.exe" "C:
\Users\Franck\AppData
\Roaming ...
+ ~~~~~~~~~~~~~~~~~~~
~~~~~~~~~~~~~~~~~~~~~
~~~~~~~~~~~~~~~~~~~~~
~~~~~~~~
    + CategoryInfo   
           : NotSpe  
  cified: (Error:    
 Cannot a...rence    
-directive:Strin    
g) [], RemoteExc    
eption
    + FullyQualified 
   ErrorId : Native  
  CommandError
 
    [2m[at 
onInvalidCandidate (C
:\Users\Franck\Docume
nts\Book\node_modules
\tailwindcss\dist\lib
.js:21:1314)][0m
    [2m[at Te (C:\Us
ers\Franck\Documents\
Book\node_modules\tai
lwindcss\dist\lib.js:
16:36652)][0m
    [2m[at C:\Users\
Franck\Documents\Book
\node_modules\tailwin
dcss\dist\lib.js:21:3
55][0m
    [2m[at Rr (C:\Us
ers\Franck\Documents\
Book\node_modules\tai
lwindcss\dist\lib.js:
3:1718)][0m
    [2m[at _ (C:\Use
rs\Franck\Documents\B
ook\node_modules\tail
windcss\dist\lib.js:3
:1377)][0m
    [2m[at $e (C:\Us
ers\Franck\Documents\
Book\node_modules\tai
lwindcss\dist\lib.js:
21:172)][0m
    [2m[at un (C:\Us
ers\Franck\Documents\
Book\node_modules\tai
lwindcss\dist\lib.js:
38:294)][0m
    [2m[at process.p
rocessTicksAndRejecti
ons (node:internal/pr
ocess/task_queues:103
:5)][0m
    [2m[at async cn 
(C:\Users\Franck\Docu
ments\Book\node_modul
es\tailwindcss\dist\l
ib.js:38:631)][0m
    [2m[at async Xr 
(C:\Users\Franck\Docu
ments\Book\node_modul
es\@tailwindcss\node\
dist\index.js:10:3417
)][0m

> Build error 
occurred
Error: Turbopack 
build failed with 2 
errors:
./app/globals.css
Error evaluating 
Node.js code
CssSyntaxError: 
tailwindcss: C:\Users
\Franck\Documents\Boo
k\app\globals.css:1:1
: Cannot apply 
unknown utility 
class `font-sans`. 
Are you using CSS 
modules or similar 
and missing 
`@reference`? https:/
/tailwindcss.com/docs
/functions-and-direct
ives#reference-direct
ive
    at Input.error (n
ode_modules/postcss/l
ib/input.js:135:16) [
C:\Users\Franck\Docum
ents\Book\.next\build
\chunks\node_modules_
fe693df6._.js:4651:22
]
    at Root.error (no
de_modules/postcss/li
b/node.js:146:32) [C:
\Users\Franck\Documen
ts\Book\.next\build\c
hunks\node_modules_fe
693df6._.js:928:38]
    [at Object.Once (
C:\Users\Franck\Docum
ents\Book\node_module
s\@tailwindcss\postcs
s\dist\index.js:10:69
11)]
    [at process.proce
ssTicksAndRejections 
(node:internal/proces
s/task_queues:103:5)]
    at async 
LazyResult.runAsync (
node_modules/postcss/
lib/lazy-result.js:29
3:11) [C:\Users\Franc
k\Documents\Book\.nex
t\build\chunks\node_m
odules_fe693df6._.js:
6206:21]
    at async 
transform (turbopack:
///[turbopack-node]/t
ransforms/postcss.ts:
70:34) [C:\Users\Fran
ck\Documents\Book\.ne
xt\build\chunks\[root
-of-the-server]__5122
5daf._.js:146:36]
    at async run (tur
bopack:///[turbopack-
node]/ipc/evaluate.ts
:92:23) [C:\Users\Fra
nck\Documents\Book\.n
ext\build\chunks\[roo
t-of-the-server]__974
941ed._.js:443:31]

Import trace:
  Client Component 
Browser:
    
./app/globals.css 
[Client Component 
Browser]
    ./app/layout.tsx 
[Server Component]


./components/blog/Art
icleCard.tsx:5:1
Export formatDate 
doesn't exist in 
target module
[0m [90m 3 |[39m 
[36mimport[39m { [
33mBlogMetadata[39m 
} [36mfrom[39m [32
m'@/lib/content-types
'[39m[33m;[39m
 [90m 4 |[39m 
[36mimport[39m { [
33mCalendar[39m[33m
,[39m [33mClock[39
m[33m,[39m 
[33mTag[39m } 
[36mfrom[39m [32m'
lucide-react'[39m[3
3m;[39m
[31m[1m>[22m[39m
[90m 5 |[39m 
[36mimport[39m { 
formatDate } 
[36mfrom[39m [32m'
@/lib/utils'[39m[33
m;[39m
 [90m   |[39m [31m
[1m^[22m[39m[31m
[1m^[22m[39m[31m[
1m^[22m[39m[31m[1
m^[22m[39m[31m[1m
^[22m[39m[31m[1m^
[22m[39m[31m[1m^
[22m[39m[31m[1m^[
22m[39m[31m[1m^[2
2m[39m[31m[1m^[22
m[39m[31m[1m^[22m
[39m[31m[1m^[22m
[39m[31m[1m^[22m[
39m[31m[1m^[22m[3
9m[31m[1m^[22m[39
m[31m[1m^[22m[39m
[31m[1m^[22m[39m
[31m[1m^[22m[39m[
31m[1m^[22m[39m[3
1m[1m^[22m[39m[31
m[1m^[22m[39m[31m
[1m^[22m[39m[31m
[1m^[22m[39m[31m[
1m^[22m[39m[31m[1
m^[22m[39m[31m[1m
^[22m[39m[31m[1m^
[22m[39m[31m[1m^
[22m[39m[31m[1m^[
22m[39m[31m[1m^[2
2m[39m[31m[1m^[22
m[39m[31m[1m^[22m
[39m[31m[1m^[22m
[39m[31m[1m^[22m[
39m[31m[1m^[22m[3
9m[31m[1m^[22m[39
m[31m[1m^[22m[39m
[31m[1m^[22m[39m
[31m[1m^[22m[39m[
31m[1m^[22m[39m[3
1m[1m^[22m[39m
 [90m 6 |[39m
 [90m 7 |[39m 
[36minterface[39m 
[33mArticleCardProps
[39m {
 [90m 8 |[39m     
post[33m:[39m [33m
BlogMetadata[39m[33
m;[39m[0m

The export 
formatDate was not 
found in module [proj
ect]/lib/utils.ts 
[app-rsc] 
(ecmascript).
Did you mean to 
import cn?
All exports of the 
module are 
statically known (It 
doesn't have dynamic 
exports). So it's 
known statically 
that the requested 
export doesn't exist.

Import trace:
  Server Component:
    ./components/blog
/ArticleCard.tsx
    
./app/blog/page.tsx


    at async 
transform (turbopack:
///[turbopack-node]/t
ransforms/postcss.ts:
70:34) [C:\Users\Fran
ck\Documents\Book\.ne
xt\build\chunks\[root
-of-the-server]__5122
5daf._.js:146:36])
    at async run (tur
bopack:///[turbopack-
node]/ipc/evaluate.ts
:92:23) [C:\Users\Fra
nck\Documents\Book\.n
ext\build\chunks\[roo
t-of-the-server]__974
941ed._.js:443:31])
    at <unknown> (./c
omponents/blog/Articl
eCard.tsx:5:1)
